Screen.hpp:104:18:virtual void touchgfx::Screen::afterTransition()	0	static
Screen.hpp:154:18:virtual void touchgfx::Screen::handleKeyEvent(uint8_t)	0	static
Screen1View.cpp:14:6:virtual void Screen1View::tearDownScreen()	0	static
Screen1View.cpp:53:6:virtual void Screen1View::enterDigit(int)	8	static
Screen1View.cpp:77:6:virtual void Screen1View::number1()	0	static
Screen1View.cpp:78:6:virtual void Screen1View::number2()	0	static
Screen1View.cpp:79:6:virtual void Screen1View::number3()	0	static
Screen1View.cpp:80:6:virtual void Screen1View::number4()	0	static
Screen1View.cpp:81:6:virtual void Screen1View::number5()	0	static
Screen1View.cpp:82:6:virtual void Screen1View::number6()	0	static
Screen1View.cpp:83:6:virtual void Screen1View::number7()	0	static
Screen1View.cpp:84:6:virtual void Screen1View::number8()	0	static
Screen1View.cpp:85:6:virtual void Screen1View::number9()	0	static
Screen1View.cpp:86:6:virtual void Screen1View::number0()	0	static
Screen1View.hpp:11:13:Screen1View::~Screen1View()	8	static
Screen1View.hpp:11:13:virtual Screen1View::~Screen1View()	8	static
Screen1View.cpp:4:1:Screen1View::Screen1View()	8	static
Screen1View.cpp:9:6:virtual void Screen1View::setupScreen()	0	static
Screen1View.cpp:19:6:virtual void Screen1View::handleTickEvent()	16	static
Screen1View.cpp:88:6:virtual void Screen1View::enter()	16	static
